// Jest Snapshot v1, https://goo.gl/fbAQLP

exports[`Header Renders correctly 1`] = `
<header
  className="MuiPaper-root MuiPaper-elevation4 MuiAppBar-root MuiAppBar-positionFixed MuiAppBar-colorPrimary mui-fixed"
>
  <h6
    className="MuiTypography-root makeStyles-header-1 MuiTypography-h6"
  >
    Notes
  </h6>
</header>
`;
