// Jest Snapshot v1, https://goo.gl/fbAQLP

exports[`Note Renders correctly 1`] = `
<li
  className="makeStyles-listItem-5"
>
  <div
    className="makeStyles-content-4"
  >
    <div
      className="makeStyles-note-3"
      onClick={[Function]}
    />
    <button
      className="MuiButtonBase-root MuiIconButton-root makeStyles-editIcon-6"
      disabled={false}
      onBlur={[Function]}
      onClick={[Function]}
      onDragLeave={[Function]}
      onFocus={[Function]}
      onKeyDown={[Function]}
      onKeyUp={[Function]}
      onMouseDown={[Function]}
      onMouseLeave={[Function]}
      onMouseUp={[Function]}
      onTouchEnd={[Function]}
      onTouchMove={[Function]}
      onTouchStart={[Function]}
      tabIndex={0}
      type="button"
    >
      <span
        className="MuiIconButton-label"
      >
        <svg
          aria-hidden="true"
          className="MuiSvgIcon-root MuiSvgIcon-fontSizeSmall"
          focusable="false"
          role="presentation"
          viewBox="0 0 24 24"
        >
          <path
            d="M3 17.25V21h3.75L17.81 9.94l-3.75-3.75L3 17.25zM20.71 7.04c.39-.39.39-1.02 0-1.41l-2.34-2.34a.9959.9959 0 00-1.41 0l-1.83 1.83 3.75 3.75 1.83-1.83z"
          />
        </svg>
      </span>
    </button>
  </div>
  <div
    className="makeStyles-dateText-1 makeStyles-bottom-2"
  >
    <span>
      
       
       at
       
    </span>
  </div>
</li>
`;
